// Jest Snapshot v1, https://goo.gl/fbAQLP

exports[`HeaderComponent should match the snapshot 1`] = `
<div
  id="root1"
>
  <header
    class="header"
  >
    <img
      alt="logo"
      class="header__logo"
      routerlink="/products"
      src="images/devsu_logo.png"
      tabindex="0"
    />
  </header>
</div>
`;
